your url is: https://hydroponics-max.loca.lt
/home/max/.npm/_npx/75ac80b86e83d4a2/node_modules/localtunnel/bin/lt.js:81
    throw err;
    ^

Error: connection refused: localtunnel.me:17315 (check your firewall settings)
    at Socket.<anonymous> (/home/max/.npm/_npx/75ac80b86e83d4a2/node_modules/localtunnel/lib/TunnelCluster.js:52:11)
    at Socket.emit (node:events:524:28)
    at emitErrorNT (node:internal/streams/destroy:169:8)
    at emitErrorCloseNT (node:internal/streams/destroy:128:3)
    at process.processTicksAndRejections (node:internal/process/task_queues:82:21)

Node.js v20.19.2
your url is: https://hydroponics-max.loca.lt
your url is: https://hydroponics-max.loca.lt
your url is: https://hydroponics-max.loca.lt
your url is: https://hydroponics-max.loca.lt
your url is: https://hydroponics-max.loca.lt
your url is: https://hydroponics-max.loca.lt
your url is: https://hydroponics-max.loca.lt
your url is: https://hydroponics-max.loca.lt
your url is: https://hydroponics-max.loca.lt
your url is: https://hydroponics-max.loca.lt
your url is: https://hydroponics-max.loca.lt
your url is: https://hydroponics-max.loca.lt
your url is: https://hydroponics-max.loca.lt
your url is: https://hydroponics-max.loca.lt
/home/max/.npm/_npx/75ac80b86e83d4a2/node_modules/localtunnel/bin/lt.js:81
    throw err;
    ^

Error: connection refused: localtunnel.me:29417 (check your firewall settings)
    at Socket.<anonymous> (/home/max/.npm/_npx/75ac80b86e83d4a2/node_modules/localtunnel/lib/TunnelCluster.js:52:11)
    at Socket.emit (node:events:524:28)
    at emitErrorNT (node:internal/streams/destroy:169:8)
    at emitErrorCloseNT (node:internal/streams/destroy:128:3)
    at process.processTicksAndRejections (node:internal/process/task_queues:82:21)

Node.js v20.19.2
your url is: https://hydroponics-max.loca.lt
your url is: https://hydroponics-max.loca.lt
/home/max/.npm/_npx/75ac80b86e83d4a2/node_modules/localtunnel/bin/lt.js:81
    throw err;
    ^

Error: connection refused: localtunnel.me:26449 (check your firewall settings)
    at Socket.<anonymous> (/home/max/.npm/_npx/75ac80b86e83d4a2/node_modules/localtunnel/lib/TunnelCluster.js:52:11)
    at Socket.emit (node:events:524:28)
    at emitErrorNT (node:internal/streams/destroy:169:8)
    at emitErrorCloseNT (node:internal/streams/destroy:128:3)
    at process.processTicksAndRejections (node:internal/process/task_queues:82:21)

Node.js v20.19.2
your url is: https://hydroponics-max.loca.lt
your url is: https://hydroponics-max.loca.lt
your url is: https://hydroponics-max.loca.lt
your url is: https://hydroponics-max.loca.lt
your url is: https://hydroponics-max.loca.lt
your url is: https://hydroponics-max.loca.lt
/home/max/.npm/_npx/75ac80b86e83d4a2/node_modules/localtunnel/bin/lt.js:81
    throw err;
    ^

Error: connection refused: localtunnel.me:19267 (check your firewall settings)
    at Socket.<anonymous> (/home/max/.npm/_npx/75ac80b86e83d4a2/node_modules/localtunnel/lib/TunnelCluster.js:52:11)
    at Socket.emit (node:events:524:28)
    at emitErrorNT (node:internal/streams/destroy:169:8)
    at emitErrorCloseNT (node:internal/streams/destroy:128:3)
    at process.processTicksAndRejections (node:internal/process/task_queues:82:21)

Node.js v20.19.2
your url is: https://hydroponics-max.loca.lt
your url is: https://hydroponics-max.loca.lt
your url is: https://hydroponics-max.loca.lt
/home/max/.npm/_npx/75ac80b86e83d4a2/node_modules/localtunnel/bin/lt.js:81
    throw err;
    ^

Error: connection refused: localtunnel.me:15931 (check your firewall settings)
    at Socket.<anonymous> (/home/max/.npm/_npx/75ac80b86e83d4a2/node_modules/localtunnel/lib/TunnelCluster.js:52:11)
    at Socket.emit (node:events:524:28)
    at emitErrorNT (node:internal/streams/destroy:169:8)
    at emitErrorCloseNT (node:internal/streams/destroy:128:3)
    at process.processTicksAndRejections (node:internal/process/task_queues:82:21)

Node.js v20.19.2
your url is: https://hydroponics-max.loca.lt
your url is: https://hydroponics-max.loca.lt
your url is: https://hydroponics-max.loca.lt
/home/max/.npm/_npx/75ac80b86e83d4a2/node_modules/localtunnel/bin/lt.js:81
    throw err;
    ^

Error: connection refused: localtunnel.me:30111 (check your firewall settings)
    at Socket.<anonymous> (/home/max/.npm/_npx/75ac80b86e83d4a2/node_modules/localtunnel/lib/TunnelCluster.js:52:11)
    at Socket.emit (node:events:524:28)
    at emitErrorNT (node:internal/streams/destroy:169:8)
    at emitErrorCloseNT (node:internal/streams/destroy:128:3)
    at process.processTicksAndRejections (node:internal/process/task_queues:82:21)

Node.js v20.19.2
your url is: https://hydroponics-max.loca.lt
your url is: https://nasty-falcon-77.loca.lt
/home/max/.npm/_npx/75ac80b86e83d4a2/node_modules/localtunnel/bin/lt.js:81
    throw err;
    ^

Error: connection refused: localtunnel.me:8339 (check your firewall settings)
    at Socket.<anonymous> (/home/max/.npm/_npx/75ac80b86e83d4a2/node_modules/localtunnel/lib/TunnelCluster.js:52:11)
    at Socket.emit (node:events:524:28)
    at emitErrorNT (node:internal/streams/destroy:169:8)
    at emitErrorCloseNT (node:internal/streams/destroy:128:3)
    at process.processTicksAndRejections (node:internal/process/task_queues:82:21)

Node.js v20.19.2
your url is: https://hydroponics-max.loca.lt
your url is: https://hydroponics-max.loca.lt
your url is: https://hydroponics-max.loca.lt
your url is: https://hydroponics-max.loca.lt
your url is: https://hydroponics-max.loca.lt
your url is: https://hydroponics-max.loca.lt
your url is: https://hydroponics-max.loca.lt
your url is: https://hydroponics-max.loca.lt
your url is: https://hydroponics-max.loca.lt
/home/max/.npm/_npx/75ac80b86e83d4a2/node_modules/localtunnel/bin/lt.js:81
    throw err;
    ^

Error: connection refused: localtunnel.me:18559 (check your firewall settings)
    at Socket.<anonymous> (/home/max/.npm/_npx/75ac80b86e83d4a2/node_modules/localtunnel/lib/TunnelCluster.js:52:11)
    at Socket.emit (node:events:524:28)
    at emitErrorNT (node:internal/streams/destroy:169:8)
    at emitErrorCloseNT (node:internal/streams/destroy:128:3)
    at process.processTicksAndRejections (node:internal/process/task_queues:82:21)

Node.js v20.19.2
your url is: https://hydroponics-max.loca.lt
your url is: https://nice-stingray-50.loca.lt
your url is: https://chatty-bullfrog-89.loca.lt
your url is: https://mean-hound-60.loca.lt
your url is: https://green-elephant-48.loca.lt
your url is: https://proud-deer-50.loca.lt
your url is: https://honest-bobcat-74.loca.lt
your url is: https://loud-moth-7.loca.lt
your url is: https://nervous-husky-18.loca.lt
your url is: https://odd-dolphin-81.loca.lt
your url is: https://smart-turtle-57.loca.lt
